Archive member included to satisfy reference by file (symbol)

C:\Project\MASTER~1\ADAS_F~1\erika\lib\libarduinosdk.a(wiring.c.o)
                              obj/code.cpp.o (init)
C:\Project\MASTER~1\ADAS_F~1\erika\lib\libarduinosdk.a(wiring_digital.c.o)
                              obj/code.cpp.o (pinMode)
C:\Project\MASTER~1\ADAS_F~1\erika\lib\libarduinosdk.a(HardwareSerial.cpp.o)
                              obj/code.cpp.o (_ZN14HardwareSerial5beginEmh)
C:\Project\MASTER~1\ADAS_F~1\erika\lib\libarduinosdk.a(HardwareSerial0.cpp.o)
                              obj/code.cpp.o (Serial)
C:\Project\MASTER~1\ADAS_F~1\erika\lib\libarduinosdk.a(Print.cpp.o)
                              obj/code.cpp.o (_ZN5Print5writeEPKhj)
C:\Project\MASTER~1\ADAS_F~1\erika\lib\libarduinosdk.a(hooks.c.o)
                              C:\Project\MASTER~1\ADAS_F~1\erika\lib\libarduinosdk.a(wiring.c.o) (yield)
C:\Project\MASTER~1\ADAS_F~1\erika\lib\libarduinosdk.a(abi.cpp.o)
                              C:\Project\MASTER~1\ADAS_F~1\erika\lib\libarduinosdk.a(Print.cpp.o) (__cxa_pure_virtual)
C:\Project\MASTER~1\ADAS_F~1\erika\lib\libee.a(ee_atmega_timer1ctc.c.o)
                              obj/code.cpp.o (OsEE_atmega_startTimer1)
C:\Project\MASTER~1\ADAS_F~1\erika\lib\libee.a(ee_oo_api_osek.c.o)
                              obj/code.cpp.o (StartOS)
C:\Project\MASTER~1\ADAS_F~1\erika\lib\libee.a(ee_oo_sched_entry_points.c.o)
                              obj/ee_applcfg.c.o (osEE_idle_hook_wrapper)
C:\Project\MASTER~1\ADAS_F~1\erika\lib\libee.a(ee_oo_scheduler.c.o)
                              C:\Project\MASTER~1\ADAS_F~1\erika\lib\libee.a(ee_oo_api_osek.c.o) (osEE_scheduler_rq_insert)
C:\Project\MASTER~1\ADAS_F~1\erika\lib\libee.a(ee_oo_kernel.c.o)
                              C:\Project\MASTER~1\ADAS_F~1\erika\lib\libee.a(ee_oo_api_osek.c.o) (osEE_task_activated)
C:\Project\MASTER~1\ADAS_F~1\erika\lib\libee.a(ee_oo_sched_partitioned.c.o)
                              C:\Project\MASTER~1\ADAS_F~1\erika\lib\libee.a(ee_oo_api_osek.c.o) (osEE_scheduler_task_activated)
C:\Project\MASTER~1\ADAS_F~1\erika\lib\libee.a(ee_std_change_context.c.o)
                              C:\Project\MASTER~1\ADAS_F~1\erika\lib\libee.a(ee_oo_api_osek.c.o) (osEE_change_context_from_running)
C:\Project\MASTER~1\ADAS_F~1\erika\lib\libee.a(ee_atmega_intvect.c.o)
                              C:\Project\MASTER~1\ADAS_F~1\erika\lib\libee.a(ee_oo_api_osek.c.o) (osEE_atmega_intvect)
C:\Project\MASTER~1\ADAS_F~1\erika\lib\libee.a(ee_avr8_asm.S.o)
                              C:\Project\MASTER~1\ADAS_F~1\erika\lib\libee.a(ee_std_change_context.c.o) (osEE_hal_save_ctx_and_restore_ctx)
C:\Project\MASTER~1\ADAS_F~1\erika\lib\libee.a(ee_avr8_irqstub.c.o)
                              C:\Project\MASTER~1\ADAS_F~1\erika\lib\libee.a(ee_atmega_intvect.c.o) (osEE_avr8_isr2_stub)
c:/progra~2/arduino/hardware/tools/avr/bin/../lib/gcc/avr/4.9.2/../../../../avr/lib/avr5\libm.a(addsf3.o)
                              obj/Calc_Rel_Speed/Calc_Relative_Speed.c.o (__subsf3)
c:/progra~2/arduino/hardware/tools/avr/bin/../lib/gcc/avr/4.9.2/../../../../avr/lib/avr5\libm.a(addsf3x.o)
                              c:/progra~2/arduino/hardware/tools/avr/bin/../lib/gcc/avr/4.9.2/../../../../avr/lib/avr5\libm.a(addsf3.o) (__addsf3x)
c:/progra~2/arduino/hardware/tools/avr/bin/../lib/gcc/avr/4.9.2/../../../../avr/lib/avr5\libm.a(cmpsf2.o)
                              C:\Project\MASTER~1\ADAS_F~1\erika\lib\libarduinosdk.a(Print.cpp.o) (__ltsf2)
c:/progra~2/arduino/hardware/tools/avr/bin/../lib/gcc/avr/4.9.2/../../../../avr/lib/avr5\libm.a(divsf3.o)
                              obj/Calc_Rel_Speed/Calc_Relative_Speed.c.o (__divsf3)
c:/progra~2/arduino/hardware/tools/avr/bin/../lib/gcc/avr/4.9.2/../../../../avr/lib/avr5\libm.a(divsf3x.o)
                              c:/progra~2/arduino/hardware/tools/avr/bin/../lib/gcc/avr/4.9.2/../../../../avr/lib/avr5\libm.a(divsf3.o) (__divsf3x)
c:/progra~2/arduino/hardware/tools/avr/bin/../lib/gcc/avr/4.9.2/../../../../avr/lib/avr5\libm.a(fixsfsi.o)
                              obj/code.cpp.o (__fixsfsi)
c:/progra~2/arduino/hardware/tools/avr/bin/../lib/gcc/avr/4.9.2/../../../../avr/lib/avr5\libm.a(fixunssfsi.o)
                              C:\Project\MASTER~1\ADAS_F~1\erika\lib\libarduinosdk.a(Print.cpp.o) (__fixunssfsi)
c:/progra~2/arduino/hardware/tools/avr/bin/../lib/gcc/avr/4.9.2/../../../../avr/lib/avr5\libm.a(floatsisf.o)
                              C:\Project\MASTER~1\ADAS_F~1\erika\lib\libarduinosdk.a(Print.cpp.o) (__floatunsisf)
c:/progra~2/arduino/hardware/tools/avr/bin/../lib/gcc/avr/4.9.2/../../../../avr/lib/avr5\libm.a(fp_cmp.o)
                              c:/progra~2/arduino/hardware/tools/avr/bin/../lib/gcc/avr/4.9.2/../../../../avr/lib/avr5\libm.a(cmpsf2.o) (__fp_cmp)
c:/progra~2/arduino/hardware/tools/avr/bin/../lib/gcc/avr/4.9.2/../../../../avr/lib/avr5\libm.a(fp_inf.o)
[...]
Memory Configuration

Name             Origin             Length             Attributes
text             0x00000000         0x00020000         xr
data             0x00800060         0x0000ffa0         rw !x
eeprom           0x00810000         0x00010000         rw !x
fuse             0x00820000         0x00000003         rw !x
lock             0x00830000         0x00000400         rw !x
signature        0x00840000         0x00000400         rw !x
user_signatures  0x00850000         0x00000400         rw !x
*default*        0x00000000         0xffffffff

Linker script and memory map

Address of section .data set to 0x800100
LOAD c:/progra~2/arduino/hardware/tools/avr/bin/../lib/gcc/avr/4.9.2/../../../../avr/lib/avr5/crtatmega328p.o
LOAD obj/Calc_Rel_Speed/Calc_Relative_Speed.c.o
LOAD obj/code.cpp.o
LOAD obj/ee_applcfg.c.o
START GROUP
LOAD C:\Project\MASTER~1\ADAS_F~1\erika\lib\libarduinosdk.a
LOAD C:\Project\MASTER~1\ADAS_F~1\erika\lib\libee.a
END GROUP
LOAD c:/progra~2/arduino/hardware/tools/avr/bin/../lib/gcc/avr/4.9.2/../../../../avr/lib/avr5\libm.a
START GROUP
LOAD c:/progra~2/arduino/hardware/tools/avr/bin/../lib/gcc/avr/4.9.2/avr5\libgcc.a
LOAD c:/progra~2/arduino/hardware/tools/avr/bin/../lib/gcc/avr/4.9.2/../../../../avr/lib/avr5\libm.a
LOAD c:/progra~2/arduino/hardware/tools/avr/bin/../lib/gcc/avr/4.9.2/../../../../avr/lib/avr5\libc.a
LOAD c:/progra~2/arduino/hardware/tools/avr/bin/../lib/gcc/avr/4.9.2/../../../../avr/lib/avr5\libatmega328p.a
END GROUP
                0x00020000                __TEXT_REGION_LENGTH__ = DEFINED (__TEXT_REGION_LENGTH__)?__TEXT_REGION_LENGTH__:0x20000
                0x0000ffa0                __DATA_REGION_LENGTH__ = DEFINED (__DATA_REGION_LENGTH__)?__DATA_REGION_LENGTH__:0xffa0
                0x00010000                __EEPROM_REGION_LENGTH__ = DEFINED (__EEPROM_REGION_LENGTH__)?__EEPROM_REGION_LENGTH__:0x10000
                [0x00000003]                __FUSE_REGION_LENGTH__ = DEFINED (__FUSE_REGION_LENGTH__)?__FUSE_REGION_LENGTH__:0x400
                0x00000400                __LOCK_REGION_LENGTH__ = DEFINED (__LOCK_REGION_LENGTH__)?__LOCK_REGION_LENGTH__:0x400
                0x00000400                __SIGNATURE_REGION_LENGTH__ = DEFINED (__SIGNATURE_REGION_LENGTH__)?__SIGNATURE_REGION_LENGTH__:0x400
                0x00000400                __USER_SIGNATURE_REGION_LENGTH__ = DEFINED (__USER_SIGNATURE_REGION_LENGTH__)?__USER_SIGNATURE_REGION_LENGTH__:0x400

.hash
 *(.hash)

.dynsym
 *(.dynsym)

.dynstr
 *(.dynstr)

.gnu.version
 *(.gnu.version)

.gnu.version_d
 *(.gnu.version_d)

.gnu.version_r
 *(.gnu.version_r)

.rel.init
 *(.rel.init)

.rela.init
 *(.rela.init)

.rel.text
 *(.rel.text)
 *(.rel.text.*)
 *(.rel.gnu.linkonce.t*)

.rela.text
 *(.rela.text)
 *(.rela.text.*)
 *(.rela.gnu.linkonce.t*)

.rel.fini
 *(.rel.fini)

.rela.fini
 *(.rela.fini)

.rel.rodata
 *(.rel.rodata)
 *(.rel.rodata.*)
 *(.rel.gnu.linkonce.r*)

.rela.rodata
 *(.rela.rodata)
 *(.rela.rodata.*)
 *(.rela.gnu.linkonce.r*)

.rel.data
 *(.rel.data)
 *(.rel.data.*)
 *(.rel.gnu.linkonce.d*)

.rela.data
 *(.rela.data)
 *(.rela.data.*)
 *(.rela.gnu.linkonce.d*)

.rel.ctors
 *(.rel.ctors)

.rela.ctors
 *(.rela.ctors)

.rel.dtors
 *(.rel.dtors)

.rela.dtors
 *(.rela.dtors)

.rel.got
 *(.rel.got)

.rela.got
 *(.rela.got)

.rel.bss
 *(.rel.bss)

.rela.bss
 *(.rela.bss)

.rel.plt
 *(.rel.plt)

.rela.plt
 *(.rela.plt)

.text           0x00000000     0x18da
 *(.vectors)
 .vectors       0x00000000       0x68 c:/progra~2/arduino/hardware/tools/avr/bin/../lib/gcc/avr/4.9.2/../../../../avr/lib/avr5/crtatmega328p.o
                0x00000000                __vectors
 *(.vectors)
 *(.progmem.gcc*)
                0x00000068                . = ALIGN (0x2)
                0x00000068                __trampolines_start = .
 *(.trampolines)
 .trampolines   0x00000068        0x0 linker stubs
 *(.trampolines*)
                0x00000068                __trampolines_end = .
 *libprintf_flt.a:*(.progmem.data)
 *libc.a:*(.progmem.data)
 *(.progmem*)
 .progmem.data.digital_pin_to_timer_PGM
                0x00000068       0x14 C:\Project\MASTER~1\ADAS_F~1\erika\lib\libarduinosdk.a(wiring_digital.c.o)
                0x00000068                digital_pin_to_timer_PGM
 .progmem.data.digital_pin_to_bit_mask_PGM
                0x0000007c       0x14 C:\Project\MASTER~1\ADAS_F~1\erika\lib\libarduinosdk.a(wiring_digital.c.o)
                0x0000007c                digital_pin_to_bit_mask_PGM
 .progmem.data.digital_pin_to_port_PGM
                0x00000090       0x14 C:\Project\MASTER~1\ADAS_F~1\erika\lib\libarduinosdk.a(wiring_digital.c.o)
                0x00000090                digital_pin_to_port_PGM
 .progmem.data.port_to_output_PGM
                0x000000a4        0xa C:\Project\MASTER~1\ADAS_F~1\erika\lib\libarduinosdk.a(wiring_digital.c.o)
                0x000000a4                port_to_output_PGM
 .progmem.data.port_to_mode_PGM
                0x000000ae        0xa C:\Project\MASTER~1\ADAS_F~1\erika\lib\libarduinosdk.a(wiring_digital.c.o)
                0x000000ae                port_to_mode_PGM
                0x000000b8                . = ALIGN (0x2)
 *(.jumptables)
 *(.jumptables*)
 *(.lowtext)
 *(.lowtext*)
                0x000000b8                __ctors_start = .
 *(.ctors)
 .ctors         0x000000b8        0x2 C:\Project\MASTER~1\ADAS_F~1\erika\lib\libarduinosdk.a(HardwareSerial0.cpp.o)
                0x000000ba                __ctors_end = .
                0x000000ba                __dtors_start = .
 *(.dtors)
                0x000000ba                __dtors_end = .
 SORT(*)(.ctors)
 SORT(*)(.dtors)
 *(.init0)
 .init0         0x000000ba        0x0 c:/progra~2/arduino/hardware/tools/avr/bin/../lib/gcc/avr/4.9.2/../../../../avr/lib/avr5/crtatmega328p.o
                0x000000ba                __init
 *(.init0)
 *(.init1)
 *(.init1)
 *(.init2)
 .init2         0x000000ba        0xc c:/progra~2/arduino/hardware/tools/avr/bin/../lib/gcc/avr/4.9.2/../../../../avr/lib/avr5/crtatmega328p.o
 *(.init2)
 *(.init3)
 *(.init3)
 *(.init4)
 .init4         0x000000c6       0x16 c:/progra~2/arduino/hardware/tools/avr/bin/../lib/gcc/avr/4.9.2/avr5\libgcc.a(_copy_data.o)
                0x000000c6                __do_copy_data
 .init4         0x000000dc       0x10 c:/progra~2/arduino/hardware/tools/avr/bin/../lib/gcc/avr/4.9.2/avr5\libgcc.a(_clear_bss.o)
                0x000000dc                __do_clear_bss
 *(.init4)
 *(.init5)
 *(.init5)
 *(.init6)
 .init6         0x000000ec       0x16 c:/progra~2/arduino/hardware/tools/avr/bin/../lib/gcc/avr/4.9.2/avr5\libgcc.a(_ctors.o)
                0x000000ec                __do_global_ctors
 *(.init6)
 *(.init7)
 *(.init7)
 *(.init8)
 *(.init8)
 *(.init9)
 .init9         0x00000102        0x8 c:/progra~2/arduino/hardware/tools/avr/bin/../lib/gcc/avr/4.9.2/../../../../avr/lib/avr5/crtatmega328p.o
 *(.init9)
 *(.text)
 .text          0x0000010a        0x4 c:/progra~2/arduino/hardware/tools/avr/bin/../lib/gcc/avr/4.9.2/../../../../avr/lib/avr5/crtatmega328p.o
                0x0000010a                __vector_22
                0x0000010a                __vector_1
                0x0000010a                __vector_24
                0x0000010a                __vector_12
                0x0000010a                __bad_interrupt
                0x0000010a                __vector_6
                0x0000010a                __vector_3
                0x0000010a                __vector_23
                0x0000010a                __vector_25
                0x0000010a                __vector_13
                0x0000010a                __vector_17
                0x0000010a                __vector_7
                0x0000010a                __vector_5
                0x0000010a                __vector_4
                0x0000010a                __vector_9
                0x0000010a                __vector_2
                0x0000010a                __vector_21
                0x0000010a                __vector_15
                0x0000010a                __vector_8
                0x0000010a                __vector_14
                0x0000010a                __vector_10
                0x0000010a                __vector_20
 *fill*         0x0000010e        0x2 
 .text          0x00000110       0xe4 C:\Project\MASTER~1\ADAS_F~1\erika\lib\libee.a(ee_avr8_asm.S.o)
                0x00000110                osEE_hal_save_ctx_and_restore_ctx
                0x00000150                osEE_hal_restore_ctx
                0x00000190                osEE_hal_ready2stacked
                0x000001a0                osEE_hal_save_ctx_and_ready2stacked
                0x000001e0                osEE_hal_terminate_ctx
                0x000001f4                . = ALIGN (0x2)
 *(.text.*)
 .text.Calc_Relative_Speed
                0x000001f4       0x76 obj/Calc_Rel_Speed/Calc_Relative_Speed.c.o
                0x000001f4                Calc_Relative_Speed
 .text.StartupHook
                0x0000026a        0xc obj/code.cpp.o
                0x0000026a                StartupHook
 .text.clock_handler
                0x00000276       0x38 obj/code.cpp.o
                0x00000276                clock_handler
 .text.setup    0x000002ae       0x1c obj/code.cpp.o
                0x000002ae                setup
 .text.startup.main
                0x000002ca       0x14 obj/code.cpp.o
                0x000002ca                main
 .text._Z12serial_printPKc
                0x000002de       0x2c obj/code.cpp.o
                0x000002de                _Z12serial_printPKc
 .text.idle_hook
                0x0000030a       0x84 obj/code.cpp.o
                0x0000030a                idle_hook
 .text.FuncTask1
                0x0000038e       0x92 obj/code.cpp.o
                0x0000038e                FuncTask1
 .text.FuncTask2
                0x00000420       0xdc obj/code.cpp.o
                0x00000420                FuncTask2
 .text.FuncTask3
                0x000004fc       0x24 obj/code.cpp.o
                0x000004fc                FuncTask3
 .text.FuncTask4
                0x00000520       0x18 obj/code.cpp.o
                0x00000520                FuncTask4
 .text.FuncTask5
                0x00000538       0x14 obj/code.cpp.o
                0x00000538                FuncTask5
 .text.__vector_16
                0x0000054c       0x94 C:\Project\MASTER~1\ADAS_F~1\erika\lib\libarduinosdk.a(wiring.c.o)
                0x0000054c                __vector_16
 .text.init     0x000005e0       0x76 C:\Project\MASTER~1\ADAS_F~1\erika\lib\libarduinosdk.a(wiring.c.o)
                0x000005e0                init
 .text.turnOffPWM
                0x00000656       0x52 C:\Project\MASTER~1\ADAS_F~1\erika\lib\libarduinosdk.a(wiring_digital.c.o)
 .text.pinMode  0x000006a8       0x78 C:\Project\MASTER~1\ADAS_F~1\erika\lib\libarduinosdk.a(wiring_digital.c.o)
                0x000006a8                pinMode
 .text.digitalWrite
                0x00000720       0x60 C:\Project\MASTER~1\ADAS_F~1\erika\lib\libarduinosdk.a(wiring_digital.c.o)
                0x00000720                digitalWrite
 .text._ZN14HardwareSerial9availableEv
                0x00000780       0x18 C:\Project\MASTER~1\ADAS_F~1\erika\lib\libarduinosdk.a(HardwareSerial.cpp.o)
                0x00000780                _ZN14HardwareSerial9availableEv
 .text._ZN14HardwareSerial4peekEv
                0x00000798       0x1c C:\Project\MASTER~1\ADAS_F~1\erika\lib\libarduinosdk.a(HardwareSerial.cpp.o)
                0x00000798                _ZN14HardwareSerial4peekEv
 .text._ZN14HardwareSerial4readEv
                0x000007b4       0x28 C:\Project\MASTER~1\ADAS_F~1\erika\lib\libarduinosdk.a(HardwareSerial.cpp.o)
                0x000007b4                _ZN14HardwareSerial4readEv
 .text._ZN14HardwareSerial17availableForWriteEv
                0x000007dc       0x1e C:\Project\MASTER~1\ADAS_F~1\erika\lib\libarduinosdk.a(HardwareSerial.cpp.o)
                0x000007dc                _ZN14HardwareSerial17availableForWriteEv
 .text._Z14serialEventRunv
                0x000007fa       0x1c C:\Project\MASTER~1\ADAS_F~1\erika\lib\libarduinosdk.a(HardwareSerial.cpp.o)
                0x000007fa                _Z14serialEventRunv
 .text._ZN14HardwareSerial17_tx_udr_empty_irqEv
                0x00000816       0x42 C:\Project\MASTER~1\ADAS_F~1\erika\lib\libarduinosdk.a(HardwareSerial.cpp.o)
                0x00000816                _ZN14HardwareSerial17_tx_udr_empty_irqEv
 .text._ZN14HardwareSerial5flushEv
                0x00000858       0x44 C:\Project\MASTER~1\ADAS_F~1\erika\lib\libarduinosdk.a(HardwareSerial.cpp.o)
                0x00000858                _ZN14HardwareSerial5flushEv
 .text._ZN14HardwareSerial5writeEh
                0x0000089c       0x8e C:\Project\MASTER~1\ADAS_F~1\erika\lib\libarduinosdk.a(HardwareSerial.cpp.o)
                0x0000089c                _ZN14HardwareSerial5writeEh
 .text._ZN14HardwareSerial5beginEmh
                0x0000092a       0xca C:\Project\MASTER~1\ADAS_F~1\erika\lib\libarduinosdk.a(HardwareSerial.cpp.o)
                0x0000092a                _ZN14HardwareSerial5beginEmh
 .text.__vector_18
                0x000009f4       0x64 C:\Project\MASTER~1\ADAS_F~1\erika\lib\libarduinosdk.a(HardwareSerial0.cpp.o)
                0x000009f4                __vector_18
 .text.__vector_19
                0x00000a58       0x4c C:\Project\MASTER~1\ADAS_F~1\erika\lib\libarduinosdk.a(HardwareSerial0.cpp.o)
                0x00000a58                __vector_19
 .text._Z17Serial0_availablev
                0x00000aa4       0x14 C:\Project\MASTER~1\ADAS_F~1\erika\lib\libarduinosdk.a(HardwareSerial0.cpp.o)
                0x00000aa4                _Z17Serial0_availablev
 .text.startup._GLOBAL__sub_I___vector_18
                0x00000ab8       0x5a C:\Project\MASTER~1\ADAS_F~1\erika\lib\libarduinosdk.a(HardwareSerial0.cpp.o)
 .text._ZN5Print5writeEPKhj
                0x00000b12       0x56 C:\Project\MASTER~1\ADAS_F~1\erika\lib\libarduinosdk.a(Print.cpp.o)
                0x00000b12                _ZN5Print5writeEPKhj
 .text._ZN5Print5writeEPKc
                0x00000b68       0x2a C:\Project\MASTER~1\ADAS_F~1\erika\lib\libarduinosdk.a(Print.cpp.o)
                0x00000b68                _ZN5Print5writeEPKc
 .text._ZN5Print5printEPKc
                0x00000b92        0x4 C:\Project\MASTER~1\ADAS_F~1\erika\lib\libarduinosdk.a(Print.cpp.o)
                0x00000b92                _ZN5Print5printEPKc
 .text.OsEE_atmega_startTimer1
                0x00000b96       0xce C:\Project\MASTER~1\ADAS_F~1\erika\lib\libee.a(ee_atmega_timer1ctc.c.o)
                0x00000b96                OsEE_atmega_startTimer1
 .text.StartOS  0x00000c64      0x14e C:\Project\MASTER~1\ADAS_F~1\erika\lib\libee.a(ee_oo_api_osek.c.o)
                0x00000c64                StartOS
 .text.ActivateTask
                0x00000db2       0x68 C:\Project\MASTER~1\ADAS_F~1\erika\lib\libee.a(ee_oo_api_osek.c.o)
                0x00000db2                ActivateTask
 .text.osEE_scheduler_task_wrapper_restore
                0x00000e1a       0x14 C:\Project\MASTER~1\ADAS_F~1\erika\lib\libee.a(ee_oo_sched_entry_points.c.o)
                0x00000e1a                osEE_scheduler_task_wrapper_restore
 .text.osEE_scheduler_task_wrapper_run
                0x00000e2e       0x4c C:\Project\MASTER~1\ADAS_F~1\erika\lib\libee.a(ee_oo_sched_entry_points.c.o)
                0x00000e2e                osEE_scheduler_task_wrapper_run
 .text.osEE_idle_hook_wrapper
                0x00000e7a       0x4e C:\Project\MASTER~1\ADAS_F~1\erika\lib\libee.a(ee_oo_sched_entry_points.c.o)
                0x00000e7a                osEE_idle_hook_wrapper
 .text.osEE_scheduler_core_rq_preempt_stk
                0x00000ec8       0xae C:\Project\MASTER~1\ADAS_F~1\erika\lib\libee.a(ee_oo_scheduler.c.o)
                0x00000ec8                osEE_scheduler_core_rq_preempt_stk
 .text.osEE_sn_priority_insert
                0x00000f76       0x7e C:\Project\MASTER~1\ADAS_F~1\erika\lib\libee.a(ee_oo_scheduler.c.o)
                0x00000f76                osEE_sn_priority_insert
 .text.osEE_scheduler_rq_insert
                0x00000ff4        0xe C:\Project\MASTER~1\ADAS_F~1\erika\lib\libee.a(ee_oo_scheduler.c.o)
                0x00000ff4                osEE_scheduler_rq_insert
 .text.osEE_scheduler_core_pop_running
                0x00001002       0x54 C:\Project\MASTER~1\ADAS_F~1\erika\lib\libee.a(ee_oo_scheduler.c.o)
                0x00001002                osEE_scheduler_core_pop_running
 .text.osEE_task_activated
                0x00001056       0x24 C:\Project\MASTER~1\ADAS_F~1\erika\lib\libee.a(ee_oo_kernel.c.o)
                0x00001056                osEE_task_activated
 .text.osEE_task_end
                0x0000107a       0x2a C:\Project\MASTER~1\ADAS_F~1\erika\lib\libee.a(ee_oo_kernel.c.o)
                0x0000107a                osEE_task_end
 .text.osEE_activate_isr2
                0x000010a4       0x34 C:\Project\MASTER~1\ADAS_F~1\erika\lib\libee.a(ee_oo_kernel.c.o)
                0x000010a4                osEE_activate_isr2
 .text.osEE_scheduler_task_activated
                0x000010d8       0xb4 C:\Project\MASTER~1\ADAS_F~1\erika\lib\libee.a(ee_oo_sched_partitioned.c.o)
                0x000010d8                osEE_scheduler_task_activated
 .text.osEE_scheduler_task_terminated
                0x0000118c       0xd8 C:\Project\MASTER~1\ADAS_F~1\erika\lib\libee.a(ee_oo_sched_partitioned.c.o)
                0x0000118c                osEE_scheduler_task_terminated
 .text.osEE_scheduler_task_preemption_point
                0x00001264       0x36 C:\Project\MASTER~1\ADAS_F~1\erika\lib\libee.a(ee_oo_sched_partitioned.c.o)
                0x00001264                osEE_scheduler_task_preemption_point
 .text.osEE_scheduler_task_set_running
                0x0000129a       0x70 C:\Project\MASTER~1\ADAS_F~1\erika\lib\libee.a(ee_oo_sched_partitioned.c.o)
                0x0000129a                osEE_scheduler_task_set_running
 .text.osEE_change_context_from_running
                0x0000130a       0x2c C:\Project\MASTER~1\ADAS_F~1\erika\lib\libee.a(ee_std_change_context.c.o)
                0x0000130a                osEE_change_context_from_running
 .text.osEE_change_context_from_task_end
                0x00001336       0x26 C:\Project\MASTER~1\ADAS_F~1\erika\lib\libee.a(ee_std_change_context.c.o)
                0x00001336                osEE_change_context_from_task_end
 .text.osEE_idle_task_terminate
                0x0000135c       0x36 C:\Project\MASTER~1\ADAS_F~1\erika\lib\libee.a(ee_std_change_context.c.o)
                0x0000135c                osEE_idle_task_terminate
 .text.osEE_scheduler_task_end
                0x00001392       0x2c C:\Project\MASTER~1\ADAS_F~1\erika\lib\libee.a(ee_std_change_context.c.o)
                0x00001392                osEE_scheduler_task_end
 .text.__vector_default
                0x000013be        0x4 C:\Project\MASTER~1\ADAS_F~1\erika\lib\libee.a(ee_atmega_intvect.c.o)
                0x000013be                tag___vector_default
                0x000013be                __vector_default
 .text.osEE_atmega_intvect
                0x000013c2        0x4 C:\Project\MASTER~1\ADAS_F~1\erika\lib\libee.a(ee_atmega_intvect.c.o)
                0x000013c2                osEE_atmega_intvect
 .text.__vector_11
                0x000013c6       0x10 C:\Project\MASTER~1\ADAS_F~1\erika\lib\libee.a(ee_atmega_intvect.c.o)
                0x000013c6                tag___vector_11
                0x000013c6                __vector_11
 .text.osEE_avr8_isr2_stub
                0x000013d6       0x40 C:\Project\MASTER~1\ADAS_F~1\erika\lib\libee.a(ee_avr8_irqstub.c.o)
                0x000013d6                osEE_avr8_isr2_stub
 .text.avr-libc.fplib
                0x00001416        0xe c:/progra~2/arduino/hardware/tools/avr/bin/../lib/gcc/avr/4.9.2/../../../../avr/lib/avr5\libm.a(addsf3.o)
                0x00001416                __subsf3
                0x00001418                __addsf3
 .text.avr-libc.fplib
                0x00001424       0xcc c:/progra~2/arduino/hardware/tools/avr/bin/../lib/gcc/avr/4.9.2/../../../../avr/lib/avr5\libm.a(addsf3x.o)
                0x00001446                __addsf3x
 .text.avr-libc.fplib
                0x000014f0        0x8 c:/progra~2/arduino/hardware/tools/avr/bin/../lib/gcc/avr/4.9.2/../../../../avr/lib/avr5\libm.a(divsf3.o)
                0x000014f0                __divsf3
 .text.avr-libc.fplib
                0x000014f8       0xdc c:/progra~2/arduino/hardware/tools/avr/bin/../lib/gcc/avr/4.9.2/../../../../avr/lib/avr5\libm.a(divsf3x.o)
                0x00001518                __divsf3x
                0x0000151e                __divsf3_pse
 .text.avr-libc.fplib
                0x000015d4        0xe c:/progra~2/arduino/hardware/tools/avr/bin/../lib/gcc/avr/4.9.2/../../../../avr/lib/avr5\libm.a(fixsfsi.o)
                0x000015d4                __fixsfsi
 .text.avr-libc.fplib
                0x000015e2       0x5e c:/progra~2/arduino/hardware/tools/avr/bin/../lib/gcc/avr/4.9.2/../../../../avr/lib/avr5\libm.a(fixunssfsi.o)
                0x000015e2                __fixunssfsi
 .text.avr-libc.fplib
                0x00001640       0x7a c:/progra~2/arduino/hardware/tools/avr/bin/../lib/gcc/avr/4.9.2/../../../../avr/lib/avr5\libm.a(floatsisf.o)
                0x00001640                __floatunsisf
                0x00001644                __floatsisf
 .text.avr-libc.fplib
                0x000016ba        0xc c:/progra~2/arduino/hardware/tools/avr/bin/../lib/gcc/avr/4.9.2/../../../../avr/lib/avr5\libm.a(fp_inf.o)
                0x000016ba                __fp_inf
 .text.avr-libc.fplib
                0x000016c6        0x6 c:/progra~2/arduino/hardware/tools/avr/bin/../lib/gcc/avr/4.9.2/../../../../avr/lib/avr5\libm.a(fp_nan.o)
                0x000016c6                __fp_nan
 .text.avr-libc.fplib
                0x000016cc        0xe c:/progra~2/arduino/hardware/tools/avr/bin/../lib/gcc/avr/4.9.2/../../../../avr/lib/avr5\libm.a(fp_pscA.o)
                0x000016cc                __fp_pscA
 .text.avr-libc.fplib
                0x000016da        0xe c:/progra~2/arduino/hardware/tools/avr/bin/../lib/gcc/avr/4.9.2/../../../../avr/lib/avr5\libm.a(fp_pscB.o)
                0x000016da                __fp_pscB
 .text.avr-libc.fplib
                0x000016e8       0x22 c:/progra~2/arduino/hardware/tools/avr/bin/../lib/gcc/avr/4.9.2/../../../../avr/lib/avr5\libm.a(fp_round.o)
                0x000016e8                __fp_round
 .text.avr-libc.fplib
                0x0000170a       0x44 c:/progra~2/arduino/hardware/tools/avr/bin/../lib/gcc/avr/4.9.2/../../../../avr/lib/avr5\libm.a(fp_split3.o)
                0x0000170a                __fp_split3
                0x0000171a                __fp_splitA
 .text.avr-libc.fplib
                0x0000174e        0xe c:/progra~2/arduino/hardware/tools/avr/bin/../lib/gcc/avr/4.9.2/../../../../avr/lib/avr5\libm.a(fp_zero.o)
                0x0000174e                __fp_zero
                0x00001750                __fp_szero
 .text.avr-libc.fplib
                0x0000175c        0x8 c:/progra~2/arduino/hardware/tools/avr/bin/../lib/gcc/avr/4.9.2/../../../../avr/lib/avr5\libm.a(mulsf3.o)
                0x0000175c                __mulsf3
 .text.avr-libc.fplib
                0x00001764       0xd2 c:/progra~2/arduino/hardware/tools/avr/bin/../lib/gcc/avr/4.9.2/../../../../avr/lib/avr5\libm.a(mulsf3x.o)
                0x00001782                __mulsf3x
                0x00001788                __mulsf3_pse
 .text.libgcc.div
                0x00001836       0x28 c:/progra~2/arduino/hardware/tools/avr/bin/../lib/gcc/avr/4.9.2/avr5\libgcc.a(_divmodhi4.o)
                0x00001836                _div
                0x00001836                __divmodhi4
 .text.libgcc.div
                0x0000185e       0x44 c:/progra~2/arduino/hardware/tools/avr/bin/../lib/gcc/avr/4.9.2/avr5\libgcc.a(_udivmodsi4.o)
                0x0000185e                __udivmodsi4
 .text.libgcc.div
                0x000018a2       0x28 c:/progra~2/arduino/hardware/tools/avr/bin/../lib/gcc/avr/4.9.2/avr5\libgcc.a(_udivmodhi4.o)
                0x000018a2                __udivmodhi4
 .text.libgcc   0x000018ca        0xc c:/progra~2/arduino/hardware/tools/avr/bin/../lib/gcc/avr/4.9.2/avr5\libgcc.a(_tablejump2.o)
                0x000018ca                __tablejump2__
                0x000018d6                . = ALIGN (0x2)
 *(.fini9)
 .fini9         0x000018d6        0x0 c:/progra~2/arduino/hardware/tools/avr/bin/../lib/gcc/avr/4.9.2/avr5\libgcc.a(_exit.o)
                0x000018d6                _exit
                0x000018d6                exit
 *(.fini9)
 *(.fini8)
 *(.fini8)
 *(.fini7)
 *(.fini7)
 *(.fini6)
 *(.fini6)
 *(.fini5)
 *(.fini5)
 *(.fini4)
 *(.fini4)
 *(.fini3)
 *(.fini3)
 *(.fini2)
 *(.fini2)
 *(.fini1)
 *(.fini1)
 *(.fini0)
 .fini0         0x000018d6        0x4 c:/progra~2/arduino/hardware/tools/avr/bin/../lib/gcc/avr/4.9.2/avr5\libgcc.a(_exit.o)
 *(.fini0)
                0x000018da                _etext = .

.data           0x00800100      0x182 load address 0x000018da
                0x00800100                PROVIDE (__data_start, .)
 *(.data)
 *(.data*)
 .data._ZZ9FuncTask1E7counter
                0x00800100        0x1 obj/code.cpp.o
 .data._ZZ9FuncTask1E17Relative_Distance
                0x00800101        0x4 obj/code.cpp.o
 .data.led      0x00800105        0x2 obj/code.cpp.o
                0x00800105                led
 .data.osEE_ccb_var
                0x00800107       0x12 obj/ee_applcfg.c.o
                0x00800107                osEE_ccb_var
 .data.osEE_sn_array
                0x00800119       0x18 obj/ee_applcfg.c.o
 .data.osEE_tcb_array
                0x00800131       0x46 obj/ee_applcfg.c.o
 .data.osEE_scb_array
                0x00800177        0x6 obj/ee_applcfg.c.o
 *(.rodata)
 *(.rodata*)
 .rodata.str1.1
                0x0080017d       0x61 obj/code.cpp.o
                                 0x64 (size before relaxing)
 .rodata.osEE_kdb_var
                0x008001de        0x6 obj/ee_applcfg.c.o
                0x008001de                osEE_kdb_var
 .rodata.osEE_cdb_var
                0x008001e4        0xa obj/ee_applcfg.c.o
                0x008001e4                osEE_cdb_var
 .rodata.osEE_autostart_tdb_array
                0x008001ee        0x4 obj/ee_applcfg.c.o
 .rodata.osEE_tdb_ptr_autostart_OSDEFAULTAPPMODE
                0x008001f2        0x2 obj/ee_applcfg.c.o
 .rodata.osEE_tdb_ptr_array
                0x008001f4        0xe obj/ee_applcfg.c.o
 .rodata.osEE_tdb_array
                0x00800202       0x62 obj/ee_applcfg.c.o
 .rodata.osEE_sdb_array
                0x00800264        0xc obj/ee_applcfg.c.o
 .rodata._ZTV14HardwareSerial
                0x00800270       0x12 C:\Project\MASTER~1\ADAS_F~1\erika\lib\libarduinosdk.a(HardwareSerial.cpp.o)
                0x00800270                _ZTV14HardwareSerial
 *(.gnu.linkonce.d*)
                0x00800282                . = ALIGN (0x2)
                0x00800282                _edata = .
                0x00800282                PROVIDE (__data_end, .)

.bss            0x00800282      0x1bf
                0x00800282                PROVIDE (__bss_start, .)
 *(.bss)
 *(.bss*)
 .bss.skip_first
                0x00800282        0x1 obj/Calc_Rel_Speed/Calc_Relative_Speed.c.o
 .bss.Relative_Speed
                0x00800283        0x4 obj/Calc_Rel_Speed/Calc_Relative_Speed.c.o
                0x00800283                Relative_Speed
 .bss.Relative_Distance_Prev
                0x00800287        0x4 obj/Calc_Rel_Speed/Calc_Relative_Speed.c.o
 .bss._ZZ9FuncTask2E6result
                0x0080028b        0x2 obj/code.cpp.o
 .bss.main_sp   0x0080028d        0x2 obj/code.cpp.o
                0x0080028d                main_sp
 .bss.isr2_armed
                0x0080028f        0x1 obj/code.cpp.o
                0x0080028f                isr2_armed
 .bss.task5_fired
                0x00800290        0x1 obj/code.cpp.o
                0x00800290                task5_fired
 .bss.task4_fired
                0x00800291        0x1 obj/code.cpp.o
                0x00800291                task4_fired
 .bss.task3_ended
                0x00800292        0x1 obj/code.cpp.o
                0x00800292                task3_ended
 .bss.task3_fired
                0x00800293        0x1 obj/code.cpp.o
                0x00800293                task3_fired
 .bss.task2_ended
                0x00800294        0x1 obj/code.cpp.o
                0x00800294                task2_ended
 .bss.task1_ended
                0x00800295        0x1 obj/code.cpp.o
                0x00800295                task1_ended
 .bss.task2_fired
                0x00800296        0x1 obj/code.cpp.o
                0x00800296                task2_fired
 .bss.task1_fired
                0x00800297        0x1 obj/code.cpp.o
                0x00800297                task1_fired
 .bss.led_val   0x00800298        0x2 obj/code.cpp.o
                0x00800298                led_val
 .bss.osEE_task_stack_2
                0x0080029a       0x80 obj/ee_applcfg.c.o
 .bss.osEE_task_stack_1
                0x0080031a       0x80 obj/ee_applcfg.c.o
 .bss.timer0_fract
                0x0080039a        0x1 C:\Project\MASTER~1\ADAS_F~1\erika\lib\libarduinosdk.a(wiring.c.o)
 .bss.timer0_millis
                0x0080039b        0x4 C:\Project\MASTER~1\ADAS_F~1\erika\lib\libarduinosdk.a(wiring.c.o)
                0x0080039b                timer0_millis
 .bss.timer0_overflow_count
                0x0080039f        0x4 C:\Project\MASTER~1\ADAS_F~1\erika\lib\libarduinosdk.a(wiring.c.o)
                0x0080039f                timer0_overflow_count
 .bss.Serial    0x008003a3       0x9d C:\Project\MASTER~1\ADAS_F~1\erika\lib\libarduinosdk.a(HardwareSerial0.cpp.o)
                0x008003a3                Serial
 *(COMMON)
 COMMON         0x00800440        0x1 obj/ee_applcfg.c.o
                0x00800440                osEE_kcb_var
                0x00800441                PROVIDE (__bss_end, .)
                0x000018da                __data_load_start = LOADADDR (.data)
                0x00001a5c                __data_load_end = (__data_load_start + SIZEOF (.data))

.noinit         0x00800441        0x0
                [!provide]                PROVIDE (__noinit_start, .)
 *(.noinit*)
                [!provide]                PROVIDE (__noinit_end, .)
                0x00800441                _end = .
                [!provide]                PROVIDE (__heap_start, .)

.eeprom         0x00810000        0x0
 *(.eeprom*)
                0x00810000                __eeprom_end = .

.fuse
 *(.fuse)
 *(.lfuse)
 *(.hfuse)
 *(.efuse)

.lock
 *(.lock*)

.signature
 *(.signature*)

.user_signatures
 *(.user_signatures*)

.stab
 *(.stab)

.stabstr
 *(.stabstr)

.stab.excl
 *(.stab.excl)

.stab.exclstr
 *(.stab.exclstr)

.stab.index
 *(.stab.index)

.stab.indexstr
 *(.stab.indexstr)

.comment        0x00000000       0x11
 *(.comment)
 .comment       0x00000000       0x11 obj/Calc_Rel_Speed/Calc_Relative_Speed.c.o
                                 0x12 (size before relaxing)
 .comment       0x00000011       0x12 obj/code.cpp.o
 .comment       0x00000011       0x12 obj/ee_applcfg.c.o
 .comment       0x00000011       0x12 C:\Project\MASTER~1\ADAS_F~1\erika\lib\libarduinosdk.a(wiring.c.o)
 .comment       0x00000011       0x12 C:\Project\MASTER~1\ADAS_F~1\erika\lib\libarduinosdk.a(wiring_digital.c.o)
 .comment       0x00000011       0x12 C:\Project\MASTER~1\ADAS_F~1\erika\lib\libarduinosdk.a(HardwareSerial.cpp.o)
 .comment       0x00000011       0x12 C:\Project\MASTER~1\ADAS_F~1\erika\lib\libarduinosdk.a(HardwareSerial0.cpp.o)
 .comment       0x00000011       0x12 C:\Project\MASTER~1\ADAS_F~1\erika\lib\libarduinosdk.a(Print.cpp.o)
 .comment       0x00000011       0x12 C:\Project\MASTER~1\ADAS_F~1\erika\lib\libee.a(ee_atmega_timer1ctc.c.o)
 .comment       0x00000011       0x12 C:\Project\MASTER~1\ADAS_F~1\erika\lib\libee.a(ee_oo_api_osek.c.o)
 .comment       0x00000011       0x12 C:\Project\MASTER~1\ADAS_F~1\erika\lib\libee.a(ee_oo_sched_entry_points.c.o)
 .comment       0x00000011       0x12 C:\Project\MASTER~1\ADAS_F~1\erika\lib\libee.a(ee_oo_scheduler.c.o)
 .comment       0x00000011       0x12 C:\Project\MASTER~1\ADAS_F~1\erika\lib\libee.a(ee_oo_kernel.c.o)
 .comment       0x00000011       0x12 C:\Project\MASTER~1\ADAS_F~1\erika\lib\libee.a(ee_oo_sched_partitioned.c.o)
 .comment       0x00000011       0x12 C:\Project\MASTER~1\ADAS_F~1\erika\lib\libee.a(ee_std_change_context.c.o)
 .comment       0x00000011       0x12 C:\Project\MASTER~1\ADAS_F~1\erika\lib\libee.a(ee_atmega_intvect.c.o)
 .comment       0x00000011       0x12 C:\Project\MASTER~1\ADAS_F~1\erika\lib\libee.a(ee_avr8_irqstub.c.o)

.note.gnu.avr.deviceinfo
                0x00000000       0x40
 .note.gnu.avr.deviceinfo
                0x00000000       0x40 c:/progra~2/arduino/hardware/tools/avr/bin/../lib/gcc/avr/4.9.2/../../../../avr/lib/avr5/crtatmega328p.o

.note.gnu.build-id
 *(.note.gnu.build-id)

.debug
 *(.debug)

.line
 *(.line)

.debug_srcinfo
 *(.debug_srcinfo)

.debug_sfnames
 *(.debug_sfnames)

.debug_aranges  0x00000000      0x4a8
 *(.debug_aranges)
 .debug_aranges
                0x00000000       0x48 C:\Project\MASTER~1\ADAS_F~1\erika\lib\libarduinosdk.a(wiring.c.o)
 .debug_aranges
                0x00000048       0x38 C:\Project\MASTER~1\ADAS_F~1\erika\lib\libarduinosdk.a(wiring_digital.c.o)
 .debug_aranges
                0x00000080       0x68 C:\Project\MASTER~1\ADAS_F~1\erika\lib\libarduinosdk.a(HardwareSerial.cpp.o)
 .debug_aranges
                0x000000e8       0x48 C:\Project\MASTER~1\ADAS_F~1\erika\lib\libarduinosdk.a(HardwareSerial0.cpp.o)
 .debug_aranges
                0x00000130      0x100 C:\Project\MASTER~1\ADAS_F~1\erika\lib\libarduinosdk.a(Print.cpp.o)
 .debug_aranges
                0x00000230       0x20 C:\Project\MASTER~1\ADAS_F~1\erika\lib\libee.a(ee_atmega_timer1ctc.c.o)
 .debug_aranges
                0x00000250       0xb8 C:\Project\MASTER~1\ADAS_F~1\erika\lib\libee.a(ee_oo_api_osek.c.o)
 .debug_aranges
                0x00000308       0x30 C:\Project\MASTER~1\ADAS_F~1\erika\lib\libee.a(ee_oo_sched_entry_points.c.o)
 .debug_aranges
                0x00000338       0x38 C:\Project\MASTER~1\ADAS_F~1\erika\lib\libee.a(ee_oo_scheduler.c.o)
 .debug_aranges
                0x00000370       0x38 C:\Project\MASTER~1\ADAS_F~1\erika\lib\libee.a(ee_oo_kernel.c.o)
 .debug_aranges
                0x000003a8       0x50 C:\Project\MASTER~1\ADAS_F~1\erika\lib\libee.a(ee_oo_sched_partitioned.c.o)
 .debug_aranges
                0x000003f8       0x38 C:\Project\MASTER~1\ADAS_F~1\erika\lib\libee.a(ee_std_change_context.c.o)
 .debug_aranges
                0x00000430       0x30 C:\Project\MASTER~1\ADAS_F~1\erika\lib\libee.a(ee_atmega_intvect.c.o)
 .debug_aranges
                0x00000460       0x20 C:\Project\MASTER~1\ADAS_F~1\erika\lib\libee.a(ee_avr8_asm.S.o)
 .debug_aranges
                0x00000480       0x28 C:\Project\MASTER~1\ADAS_F~1\erika\lib\libee.a(ee_avr8_irqstub.c.o)

.debug_pubnames
 *(.debug_pubnames)

.debug_info     0x00000000     0xeab0
 *(.debug_info .gnu.linkonce.wi.*)
 .debug_info    0x00000000      0x5f4 c:/progra~2/arduino/hardware/tools/avr/bin/../lib/gcc/avr/4.9.2/../../../../avr/lib/avr5/crtatmega328p.o
 .debug_info    0x000005f4      0x2c4 C:\Project\MASTER~1\ADAS_F~1\erika\lib\libarduinosdk.a(wiring.c.o)
 .debug_info    0x000008b8      0x5f5 C:\Project\MASTER~1\ADAS_F~1\erika\lib\libarduinosdk.a(wiring_digital.c.o)
 .debug_info    0x00000ead     0x1e35 C:\Project\MASTER~1\ADAS_F~1\erika\lib\libarduinosdk.a(HardwareSerial.cpp.o)
 .debug_info    0x00002ce2     0x1ac7 C:\Project\MASTER~1\ADAS_F~1\erika\lib\libarduinosdk.a(HardwareSerial0.cpp.o)
 .debug_info    0x000047a9     0x2a7c C:\Project\MASTER~1\ADAS_F~1\erika\lib\libarduinosdk.a(Print.cpp.o)
 .debug_info    0x00007225      0x81b C:\Project\MASTER~1\ADAS_F~1\erika\lib\libee.a(ee_atmega_timer1ctc.c.o)
 .debug_info    0x00007a40     0x2133 C:\Project\MASTER~1\ADAS_F~1\erika\lib\libee.a(ee_oo_api_osek.c.o)
 .debug_info    0x00009b73      0xd3b C:\Project\MASTER~1\ADAS_F~1\erika\lib\libee.a(ee_oo_sched_entry_points.c.o)
 .debug_info    0x0000a8ae      0xbf8 C:\Project\MASTER~1\ADAS_F~1\erika\lib\libee.a(ee_oo_scheduler.c.o)
 .debug_info    0x0000b4a6      0x967 C:\Project\MASTER~1\ADAS_F~1\erika\lib\libee.a(ee_oo_kernel.c.o)
 .debug_info    0x0000be0d     0x109c C:\Project\MASTER~1\ADAS_F~1\erika\lib\libee.a(ee_oo_sched_partitioned.c.o)
 .debug_info    0x0000cea9      0xaee C:\Project\MASTER~1\ADAS_F~1\erika\lib\libee.a(ee_std_change_context.c.o)
 .debug_info    0x0000d997      0x82f C:\Project\MASTER~1\ADAS_F~1\erika\lib\libee.a(ee_atmega_intvect.c.o)
 .debug_info    0x0000e1c6       0x85 C:\Project\MASTER~1\ADAS_F~1\erika\lib\libee.a(ee_avr8_asm.S.o)
 .debug_info    0x0000e24b      0x865 C:\Project\MASTER~1\ADAS_F~1\erika\lib\libee.a(ee_avr8_irqstub.c.o)

.debug_abbrev   0x00000000     0x2b29
 *(.debug_abbrev)
 .debug_abbrev  0x00000000      0x5a2 c:/progra~2/arduino/hardware/tools/avr/bin/../lib/gcc/avr/4.9.2/../../../../avr/lib/avr5/crtatmega328p.o
 .debug_abbrev  0x000005a2      0x143 C:\Project\MASTER~1\ADAS_F~1\erika\lib\libarduinosdk.a(wiring.c.o)
 .debug_abbrev  0x000006e5      0x159 C:\Project\MASTER~1\ADAS_F~1\erika\lib\libarduinosdk.a(wiring_digital.c.o)
 .debug_abbrev  0x0000083e      0x478 C:\Project\MASTER~1\ADAS_F~1\erika\lib\libarduinosdk.a(HardwareSerial.cpp.o)
 .debug_abbrev  0x00000cb6      0x3dd C:\Project\MASTER~1\ADAS_F~1\erika\lib\libarduinosdk.a(HardwareSerial0.cpp.o)
 .debug_abbrev  0x00001093      0x498 C:\Project\MASTER~1\ADAS_F~1\erika\lib\libarduinosdk.a(Print.cpp.o)
 .debug_abbrev  0x0000152b      0x150 C:\Project\MASTER~1\ADAS_F~1\erika\lib\libee.a(ee_atmega_timer1ctc.c.o)
 .debug_abbrev  0x0000167b      0x438 C:\Project\MASTER~1\ADAS_F~1\erika\lib\libee.a(ee_oo_api_osek.c.o)
 .debug_abbrev  0x00001ab3      0x32c C:\Project\MASTER~1\ADAS_F~1\erika\lib\libee.a(ee_oo_sched_entry_points.c.o)
 .debug_abbrev  0x00001ddf      0x28c C:\Project\MASTER~1\ADAS_F~1\erika\lib\libee.a(ee_oo_scheduler.c.o)
 .debug_abbrev  0x0000206b      0x1f2 C:\Project\MASTER~1\ADAS_F~1\erika\lib\libee.a(ee_oo_kernel.c.o)
 .debug_abbrev  0x0000225d      0x310 C:\Project\MASTER~1\ADAS_F~1\erika\lib\libee.a(ee_oo_sched_partitioned.c.o)
 .debug_abbrev  0x0000256d      0x295 C:\Project\MASTER~1\ADAS_F~1\erika\lib\libee.a(ee_std_change_context.c.o)
 .debug_abbrev  0x00002802      0x179 C:\Project\MASTER~1\ADAS_F~1\erika\lib\libee.a(ee_atmega_intvect.c.o)
 .debug_abbrev  0x0000297b       0x14 C:\Project\MASTER~1\ADAS_F~1\erika\lib\libee.a(ee_avr8_asm.S.o)
 .debug_abbrev  0x0000298f      0x19a C:\Project\MASTER~1\ADAS_F~1\erika\lib\libee.a(ee_avr8_irqstub.c.o)

.debug_line     0x00000000     0x30fb
 *(.debug_line .debug_line.* .debug_line_end)
 .debug_line    0x00000000       0x1a c:/progra~2/arduino/hardware/tools/avr/bin/../lib/gcc/avr/4.9.2/../../../../avr/lib/avr5/crtatmega328p.o
 .debug_line    0x0000001a      0x2af C:\Project\MASTER~1\ADAS_F~1\erika\lib\libarduinosdk.a(wiring.c.o)
 .debug_line    0x000002c9      0x278 C:\Project\MASTER~1\ADAS_F~1\erika\lib\libarduinosdk.a(wiring_digital.c.o)
 .debug_line    0x00000541      0x419 C:\Project\MASTER~1\ADAS_F~1\erika\lib\libarduinosdk.a(HardwareSerial.cpp.o)
 .debug_line    0x0000095a      0x27f C:\Project\MASTER~1\ADAS_F~1\erika\lib\libarduinosdk.a(HardwareSerial0.cpp.o)
 .debug_line    0x00000bd9      0x68e C:\Project\MASTER~1\ADAS_F~1\erika\lib\libarduinosdk.a(Print.cpp.o)
 .debug_line    0x00001267      0x1e4 C:\Project\MASTER~1\ADAS_F~1\erika\lib\libee.a(ee_atmega_timer1ctc.c.o)
 .debug_line    0x0000144b      0x99d C:\Project\MASTER~1\ADAS_F~1\erika\lib\libee.a(ee_oo_api_osek.c.o)
 .debug_line    0x00001de8      0x2b3 C:\Project\MASTER~1\ADAS_F~1\erika\lib\libee.a(ee_oo_sched_entry_points.c.o)
 .debug_line    0x0000209b      0x326 C:\Project\MASTER~1\ADAS_F~1\erika\lib\libee.a(ee_oo_scheduler.c.o)
 .debug_line    0x000023c1      0x22d C:\Project\MASTER~1\ADAS_F~1\erika\lib\libee.a(ee_oo_kernel.c.o)
 .debug_line    0x000025ee      0x452 C:\Project\MASTER~1\ADAS_F~1\erika\lib\libee.a(ee_oo_sched_partitioned.c.o)
 .debug_line    0x00002a40      0x258 C:\Project\MASTER~1\ADAS_F~1\erika\lib\libee.a(ee_std_change_context.c.o)
 .debug_line    0x00002c98      0x1b0 C:\Project\MASTER~1\ADAS_F~1\erika\lib\libee.a(ee_atmega_intvect.c.o)
 .debug_line    0x00002e48       0xe2 C:\Project\MASTER~1\ADAS_F~1\erika\lib\libee.a(ee_avr8_asm.S.o)
 .debug_line    0x00002f2a      0x1d1 C:\Project\MASTER~1\ADAS_F~1\erika\lib\libee.a(ee_avr8_irqstub.c.o)

.debug_frame    0x00000000      0xc80
 *(.debug_frame)
 .debug_frame   0x00000000       0xc4 C:\Project\MASTER~1\ADAS_F~1\erika\lib\libarduinosdk.a(wiring.c.o)
 .debug_frame   0x000000c4       0x7c C:\Project\MASTER~1\ADAS_F~1\erika\lib\libarduinosdk.a(wiring_digital.c.o)
 .debug_frame   0x00000140      0x110 C:\Project\MASTER~1\ADAS_F~1\erika\lib\libarduinosdk.a(HardwareSerial.cpp.o)
 .debug_frame   0x00000250       0xe0 C:\Project\MASTER~1\ADAS_F~1\erika\lib\libarduinosdk.a(HardwareSerial0.cpp.o)
 .debug_frame   0x00000330      0x3b0 C:\Project\MASTER~1\ADAS_F~1\erika\lib\libarduinosdk.a(Print.cpp.o)
 .debug_frame   0x000006e0       0x24 C:\Project\MASTER~1\ADAS_F~1\erika\lib\libee.a(ee_atmega_timer1ctc.c.o)
 .debug_frame   0x00000704      0x248 C:\Project\MASTER~1\ADAS_F~1\erika\lib\libee.a(ee_oo_api_osek.c.o)
 .debug_frame   0x0000094c       0x58 C:\Project\MASTER~1\ADAS_F~1\erika\lib\libee.a(ee_oo_sched_entry_points.c.o)
 .debug_frame   0x000009a4       0x9c C:\Project\MASTER~1\ADAS_F~1\erika\lib\libee.a(ee_oo_scheduler.c.o)
 .debug_frame   0x00000a40       0x54 C:\Project\MASTER~1\ADAS_F~1\erika\lib\libee.a(ee_oo_kernel.c.o)
 .debug_frame   0x00000a94      0x110 C:\Project\MASTER~1\ADAS_F~1\erika\lib\libee.a(ee_oo_sched_partitioned.c.o)
 .debug_frame   0x00000ba4       0x64 C:\Project\MASTER~1\ADAS_F~1\erika\lib\libee.a(ee_std_change_context.c.o)
 .debug_frame   0x00000c08       0x44 C:\Project\MASTER~1\ADAS_F~1\erika\lib\libee.a(ee_atmega_intvect.c.o)
 .debug_frame   0x00000c4c       0x34 C:\Project\MASTER~1\ADAS_F~1\erika\lib\libee.a(ee_avr8_irqstub.c.o)

.debug_str      0x00000000     0x30d7
 *(.debug_str)
 .debug_str     0x00000000      0x208 c:/progra~2/arduino/hardware/tools/avr/bin/../lib/gcc/avr/4.9.2/../../../../avr/lib/avr5/crtatmega328p.o
 .debug_str     0x00000208      0x182 C:\Project\MASTER~1\ADAS_F~1\erika\lib\libarduinosdk.a(wiring.c.o)
                                0x1c8 (size before relaxing)
 .debug_str     0x0000038a      0x11d C:\Project\MASTER~1\ADAS_F~1\erika\lib\libarduinosdk.a(wiring_digital.c.o)
                                0x22d (size before relaxing)
 .debug_str     0x000004a7     0x11ff C:\Project\MASTER~1\ADAS_F~1\erika\lib\libarduinosdk.a(HardwareSerial.cpp.o)
                               0x1310 (size before relaxing)
 .debug_str     0x000016a6       0xe7 C:\Project\MASTER~1\ADAS_F~1\erika\lib\libarduinosdk.a(HardwareSerial0.cpp.o)
                               0x1153 (size before relaxing)
 .debug_str     0x0000178d      0x3d6 C:\Project\MASTER~1\ADAS_F~1\erika\lib\libarduinosdk.a(Print.cpp.o)
                                0xfc8 (size before relaxing)
 .debug_str     0x00001b63      0x6f3 C:\Project\MASTER~1\ADAS_F~1\erika\lib\libee.a(ee_atmega_timer1ctc.c.o)
                                0x835 (size before relaxing)
 .debug_str     0x00002256      0x7d9 C:\Project\MASTER~1\ADAS_F~1\erika\lib\libee.a(ee_oo_api_osek.c.o)
                               0x10bb (size before relaxing)
 .debug_str     0x00002a2f      0x10c C:\Project\MASTER~1\ADAS_F~1\erika\lib\libee.a(ee_oo_sched_entry_points.c.o)
                                0xcd9 (size before relaxing)
 .debug_str     0x00002b3b      0x184 C:\Project\MASTER~1\ADAS_F~1\erika\lib\libee.a(ee_oo_scheduler.c.o)
                                0x99b (size before relaxing)
 .debug_str     0x00002cbf       0x9b C:\Project\MASTER~1\ADAS_F~1\erika\lib\libee.a(ee_oo_kernel.c.o)
                                0x8a9 (size before relaxing)
 .debug_str     0x00002d5a      0x1a4 C:\Project\MASTER~1\ADAS_F~1\erika\lib\libee.a(ee_oo_sched_partitioned.c.o)
                                0xb3b (size before relaxing)
 .debug_str     0x00002efe      0x10a C:\Project\MASTER~1\ADAS_F~1\erika\lib\libee.a(ee_std_change_context.c.o)
                                0x940 (size before relaxing)
 .debug_str     0x00003008       0x81 C:\Project\MASTER~1\ADAS_F~1\erika\lib\libee.a(ee_atmega_intvect.c.o)
                                0x81f (size before relaxing)
 .debug_str     0x00003089       0x4e C:\Project\MASTER~1\ADAS_F~1\erika\lib\libee.a(ee_avr8_irqstub.c.o)
                                0x833 (size before relaxing)

.debug_loc      0x00000000     0x5124
 *(.debug_loc)
 .debug_loc     0x00000000      0x269 C:\Project\MASTER~1\ADAS_F~1\erika\lib\libarduinosdk.a(wiring.c.o)
 .debug_loc     0x00000269      0x5e3 C:\Project\MASTER~1\ADAS_F~1\erika\lib\libarduinosdk.a(wiring_digital.c.o)
 .debug_loc     0x0000084c      0x497 C:\Project\MASTER~1\ADAS_F~1\erika\lib\libarduinosdk.a(HardwareSerial.cpp.o)
 .debug_loc     0x00000ce3      0x187 C:\Project\MASTER~1\ADAS_F~1\erika\lib\libarduinosdk.a(HardwareSerial0.cpp.o)
 .debug_loc     0x00000e6a     0x1f0f C:\Project\MASTER~1\ADAS_F~1\erika\lib\libarduinosdk.a(Print.cpp.o)
 .debug_loc     0x00002d79      0x163 C:\Project\MASTER~1\ADAS_F~1\erika\lib\libee.a(ee_atmega_timer1ctc.c.o)
 .debug_loc     0x00002edc      0xc9c C:\Project\MASTER~1\ADAS_F~1\erika\lib\libee.a(ee_oo_api_osek.c.o)
 .debug_loc     0x00003b78       0xfd C:\Project\MASTER~1\ADAS_F~1\erika\lib\libee.a(ee_oo_sched_entry_points.c.o)
 .debug_loc     0x00003c75      0x610 C:\Project\MASTER~1\ADAS_F~1\erika\lib\libee.a(ee_oo_scheduler.c.o)
 .debug_loc     0x00004285      0x149 C:\Project\MASTER~1\ADAS_F~1\erika\lib\libee.a(ee_oo_kernel.c.o)
 .debug_loc     0x000043ce      0x9c7 C:\Project\MASTER~1\ADAS_F~1\erika\lib\libee.a(ee_oo_sched_partitioned.c.o)
 .debug_loc     0x00004d95      0x348 C:\Project\MASTER~1\ADAS_F~1\erika\lib\libee.a(ee_std_change_context.c.o)
 .debug_loc     0x000050dd       0x47 C:\Project\MASTER~1\ADAS_F~1\erika\lib\libee.a(ee_avr8_irqstub.c.o)

.debug_macinfo
 *(.debug_macinfo)

.debug_weaknames
 *(.debug_weaknames)

.debug_funcnames
 *(.debug_funcnames)

.debug_typenames
 *(.debug_typenames)

.debug_varnames
 *(.debug_varnames)

.debug_pubtypes
 *(.debug_pubtypes)

.debug_ranges   0x00000000      0x4b0
 *(.debug_ranges)
 .debug_ranges  0x00000000       0x38 C:\Project\MASTER~1\ADAS_F~1\erika\lib\libarduinosdk.a(wiring.c.o)
 .debug_ranges  0x00000038       0x28 C:\Project\MASTER~1\ADAS_F~1\erika\lib\libarduinosdk.a(wiring_digital.c.o)
 .debug_ranges  0x00000060       0x70 C:\Project\MASTER~1\ADAS_F~1\erika\lib\libarduinosdk.a(HardwareSerial.cpp.o)
 .debug_ranges  0x000000d0       0x38 C:\Project\MASTER~1\ADAS_F~1\erika\lib\libarduinosdk.a(HardwareSerial0.cpp.o)
 .debug_ranges  0x00000108      0x138 C:\Project\MASTER~1\ADAS_F~1\erika\lib\libarduinosdk.a(Print.cpp.o)
 .debug_ranges  0x00000240       0x10 C:\Project\MASTER~1\ADAS_F~1\erika\lib\libee.a(ee_atmega_timer1ctc.c.o)
 .debug_ranges  0x00000250      0x138 C:\Project\MASTER~1\ADAS_F~1\erika\lib\libee.a(ee_oo_api_osek.c.o)
 .debug_ranges  0x00000388       0x38 C:\Project\MASTER~1\ADAS_F~1\erika\lib\libee.a(ee_oo_sched_entry_points.c.o)
 .debug_ranges  0x000003c0       0x28 C:\Project\MASTER~1\ADAS_F~1\erika\lib\libee.a(ee_oo_scheduler.c.o)
 .debug_ranges  0x000003e8       0x28 C:\Project\MASTER~1\ADAS_F~1\erika\lib\libee.a(ee_oo_kernel.c.o)
 .debug_ranges  0x00000410       0x40 C:\Project\MASTER~1\ADAS_F~1\erika\lib\libee.a(ee_oo_sched_partitioned.c.o)
 .debug_ranges  0x00000450       0x28 C:\Project\MASTER~1\ADAS_F~1\erika\lib\libee.a(ee_std_change_context.c.o)
 .debug_ranges  0x00000478       0x20 C:\Project\MASTER~1\ADAS_F~1\erika\lib\libee.a(ee_atmega_intvect.c.o)
 .debug_ranges  0x00000498       0x18 C:\Project\MASTER~1\ADAS_F~1\erika\lib\libee.a(ee_avr8_irqstub.c.o)

.debug_macro
 *(.debug_macro)
OUTPUT(arduino.elf elf32-avr)
LOAD linker stubs
